
> attendance-portal@0.1.0 build
> react-scripts build

(node:3196) [DEP0176] DeprecationWarning: fs.F_OK is deprecated, use fs.constants.F_OK instead
(Use `node --trace-deprecation ...` to show where the warning was created)
Creating an optimized production build...
Compiled successfully.

File sizes after gzip:

  421.42 kB  build\static\js\main.4eeeb82c.js
  46.35 kB   build\static\js\239.607b8b6c.chunk.js
  43.26 kB   build\static\js\455.430c91cd.chunk.js
  11.05 kB   build\static\css\main.3f0cd695.css
  8.62 kB    build\static\js\977.653045a4.chunk.js
  1.77 kB    build\static\js\453.5fafd8d2.chunk.js

The project was built assuming it is hosted at /.
You can control this with the homepage field in your package.json.

The build folder is ready to be deployed.
You may serve it with a static server:

  npm install -g serve
  serve -s build

Find out more about deployment here:

  https://cra.link/deployment

